<?xml version="1.0" encoding="utf-8"?>
<nodeList xmlns:its="http://www.w3.org/2005/11/its"
          xmlns:datc="http://example.com/datacats">
   <nodeList datacat="externalresource">
      <node path="/doc" outputType="no-value">
         <output/>
      </node>
      <node path="/doc/its:rules[1]" outputType="no-value">
         <output/>
      </node>
      <node path="/doc/its:rules[1]/@version" outputType="no-value">
         <output/>
      </node>
      <node path="/doc/its:rules[1]/@xlink:type" outputType="no-value">
         <output/>
      </node>
      <node path="/doc/its:rules[1]/@xlink:href" outputType="no-value">
         <output/>
      </node>
      <node path="/doc/its:rules[2]" outputType="no-value">
         <output/>
      </node>
      <node path="/doc/its:rules[2]/@version" outputType="no-value">
         <output/>
      </node>
      <node path="/doc/its:rules[2]/its:externalResourceRefRule[1]"
            outputType="no-value">
         <output/>
      </node>
      <node path="/doc/its:rules[2]/its:externalResourceRefRule[1]/@selector"
            outputType="no-value">
         <output/>
      </node>
      <node path="/doc/its:rules[2]/its:externalResourceRefRule[1]/@externalResourceRefPointer"
            outputType="no-value">
         <output/>
      </node>
      <node path="/doc/dbk:mediaobject[1]" outputType="no-value">
         <output/>
      </node>
      <node path="/doc/dbk:mediaobject[1]/dbk:videoobject[1]" outputType="no-value">
         <output/>
      </node>
      <node path="/doc/dbk:mediaobject[1]/dbk:videoobject[1]/dbk:videodata[1]"
            outputType="new-value-global">
         <output xmlns:dbk="http://docbook.org/ns/docbook">
            <externalResourceRefPointer fileref="movie.avi"/>
         </output>
      </node>
      <node path="/doc/dbk:mediaobject[1]/dbk:videoobject[1]/dbk:videodata[1]/@fileref"
            outputType="inherited">
         <output xmlns:dbk="http://docbook.org/ns/docbook">
            <externalResourceRefPointer fileref="movie.avi"/>
         </output>
      </node>
      <node path="/doc/dbk:mediaobject[1]/dbk:audioobject[1]" outputType="no-value">
         <output/>
      </node>
      <node path="/doc/dbk:mediaobject[1]/dbk:audioobject[1]/dbk:audiodata[1]"
            outputType="new-value-global">
         <output xmlns:dbk="http://docbook.org/ns/docbook">
            <externalResourceRefPointer fileref="movie.mp3"/>
         </output>
      </node>
      <node path="/doc/dbk:mediaobject[1]/dbk:audioobject[1]/dbk:audiodata[1]/@fileref"
            outputType="inherited">
         <output xmlns:dbk="http://docbook.org/ns/docbook">
            <externalResourceRefPointer fileref="movie.mp3"/>
         </output>
      </node>
      <node path="/doc/dbk:mediaobject[1]/dbk:imageobject[1]" outputType="no-value">
         <output/>
      </node>
      <node path="/doc/dbk:mediaobject[1]/dbk:imageobject[1]/dbk:imagedata[1]"
            outputType="new-value-global">
         <output xmlns:dbk="http://docbook.org/ns/docbook">
            <externalResourceRefPointer fileref="movie-frame.gif"/>
         </output>
      </node>
      <node path="/doc/dbk:mediaobject[1]/dbk:imageobject[1]/dbk:imagedata[1]/@fileref"
            outputType="inherited">
         <output xmlns:dbk="http://docbook.org/ns/docbook">
            <externalResourceRefPointer fileref="movie-frame.gif"/>
         </output>
      </node>
      <node path="/doc/dbk:mediaobject[1]/dbk:textobject[1]" outputType="no-value">
         <output/>
      </node>
      <node path="/doc/dbk:mediaobject[1]/dbk:textobject[1]/dbk:para[1]"
            outputType="no-value">
         <output/>
      </node>
      <node path="/doc/dbk:mediaobject[1]/dbk:textobject[1]/dbk:warning[1]"
            outputType="no-value">
         <output/>
      </node>
      <node path="/doc/dbk:mediaobject[1]/dbk:textobject[1]/dbk:warning[1]/dbk:para[1]"
            outputType="no-value">
         <output/>
      </node>
   </nodeList>
</nodeList>
