<?xml version="1.0" encoding="utf-8"?>
<nodeList xmlns:its="http://www.w3.org/2005/11/its"
          xmlns:datc="http://example.com/datacats">
   <nodeList datacat="idvalue">
      <node path="/file" outputType="no-value">
         <output/>
      </node>
      <node path="/file/res[1]" outputType="new-value-local">
         <output xml:id="btnAgain"/>
      </node>
      <node path="/file/res[1]/@name" outputType="no-value">
         <output/>
      </node>
      <node path="/file/res[1]/@xml:id" outputType="no-value">
         <output/>
      </node>
      <node path="/file/res[2]" outputType="no-value">
         <output/>
      </node>
      <node path="/file/res[2]/@name" outputType="no-value">
         <output/>
      </node>
   </nodeList>
</nodeList>
