/resource
/resource/rules[1]
/resource/rules[1]/@version
/resource/rules[1]/@xlink:href
/resource/webform[1]
/resource/webform[1]/@id
/resource/webform[1]/entry[1]	idValue="btn.CANCEL"
/resource/webform[1]/entry[1]/@name
/resource/webform[2]
/resource/webform[2]/@id
/resource/webform[2]/entry[1]
/resource/webform[2]/entry[1]/@name
/resource/webform[2]/entry[1]/text[1]
/resource/webform[2]/entry[1]/pos[1]
/resource/webform[2]/entry[1]/trig[1]
