/doc	locQualityPrecisProfileRef="http://example.org/qaModel/v13"	locQualityPrecisScore="80"	locQualityPrecisThreshold="95"
/doc/header[1]	locQualityPrecisProfileRef="http://example.org/qaModel/v13"	locQualityPrecisScore="80"	locQualityPrecisThreshold="95"
/doc/header[1]/its:rules[1]	locQualityPrecisProfileRef="http://example.org/qaModel/v13"	locQualityPrecisScore="80"	locQualityPrecisThreshold="95"
/doc/header[1]/its:rules[1]/@its:version
/doc/header[1]/its:rules[1]/@xlink:href
/doc/header[1]/its:rules[1]/@xlink:type
/doc/para[1]	locQualityPrecisProfileRef="http://example.org/qaModel/v13"	locQualityPrecisScore="80"	locQualityPrecisThreshold="95"
