<?xml version="1.0" encoding="utf-8"?>
<nodeList xmlns:its="http://www.w3.org/2005/11/its"
          xmlns:datc="http://example.com/datacats">
   <nodeList datacat="elementswithintext">
      <node path="/doc" outputType="default-value">
         <output its:withinText="no"/>
      </node>
      <node path="/doc/head[1]" outputType="default-value">
         <output its:withinText="no"/>
      </node>
      <node path="/doc/head[1]/its:rules[1]" outputType="default-value">
         <output its:withinText="no"/>
      </node>
      <node path="/doc/head[1]/its:rules[1]/@version" outputType="default-value">
         <output/>
      </node>
      <node path="/doc/head[1]/its:rules[1]/its:withinTextRule[1]"
            outputType="default-value">
         <output its:withinText="no"/>
      </node>
      <node path="/doc/head[1]/its:rules[1]/its:withinTextRule[1]/@withinText"
            outputType="default-value">
         <output/>
      </node>
      <node path="/doc/head[1]/its:rules[1]/its:withinTextRule[1]/@selector"
            outputType="default-value">
         <output/>
      </node>
      <node path="/doc/head[1]/its:rules[1]/its:withinTextRule[2]"
            outputType="default-value">
         <output its:withinText="no"/>
      </node>
      <node path="/doc/head[1]/its:rules[1]/its:withinTextRule[2]/@withinText"
            outputType="default-value">
         <output/>
      </node>
      <node path="/doc/head[1]/its:rules[1]/its:withinTextRule[2]/@selector"
            outputType="default-value">
         <output/>
      </node>
      <node path="/doc/body[1]" outputType="default-value">
         <output its:withinText="no"/>
      </node>
      <node path="/doc/body[1]/p[1]" outputType="default-value">
         <output its:withinText="no"/>
      </node>
      <node path="/doc/body[1]/p[1]/b[1]" outputType="new-value-global">
         <output withinText="yes"/>
      </node>
      <node path="/doc/body[1]/p[1]/i[1]" outputType="new-value-global">
         <output withinText="yes"/>
      </node>
      <node path="/doc/body[1]/p[1]/u[1]" outputType="new-value-global">
         <output withinText="yes"/>
      </node>
      <node path="/doc/body[1]/p[2]" outputType="default-value">
         <output its:withinText="no"/>
      </node>
      <node path="/doc/body[1]/p[2]/fn[1]" outputType="new-value-global">
         <output withinText="nested"/>
      </node>
   </nodeList>
</nodeList>
