/db
/db/rules[1]
/db/rules[1]/@version
/db/rules[1]/param[1]
/db/rules[1]/param[1]/@name
/db/rules[1]/storageSizeRule[1]
/db/rules[1]/storageSizeRule[1]/@selector
/db/rules[1]/storageSizeRule[1]/@storageEncoding
/db/rules[1]/storageSizeRule[1]/@storageSize
/db/data[1]
/db/data[1]/country[1]	storageEncoding="ISO-8859-1"	storageSize="25"
/db/data[1]/country[1]/@id
/db/data[1]/country[2]
/db/data[1]/country[2]/@id
