/html	translate="yes"
/html/its:rules[1]	translate="yes"
/html/its:rules[1]/@version	translate="no"
/html/its:rules[1]/its:translateRule[1]	translate="yes"
/html/its:rules[1]/its:translateRule[1]/@selector	translate="no"
/html/its:rules[1]/its:translateRule[1]/@translate	translate="no"
/html/its:rules[1]/its:translateRule[2]	translate="yes"
/html/its:rules[1]/its:translateRule[2]/@selector	translate="no"
/html/its:rules[1]/its:translateRule[2]/@translate	translate="no"
/html/head[1]	translate="yes"
/html/head[1]/meta[1]	translate="yes"
/html/head[1]/meta[1]/@charset	translate="no"
/html/head[1]/title[1]	translate="yes"
/html/head[1]/link[1]	translate="yes"
/html/head[1]/link[1]/@href	translate="no"
/html/head[1]/link[1]/@rel	translate="no"
/html/body[1]	translate="yes"
/html/body[1]/p[1]	translate="yes"
/html/body[1]/p[1]/@id	translate="no"
/html/body[1]/p[1]/@title	translate="no"
/html/body[1]/p[1]/h:code[1]	translate="no"
