/book
/book/@version
/book/info[1]
/book/info[1]/span[1]	localeFilterList="en-CA, fr-CA"
/book/info[1]/span[1]/@localeFilterList	localeFilterList="en-CA, fr-CA"
/book/info[1]/span[1]/para[1]	localeFilterList="en-CA, fr-CA"
