/book
/book/@its:version
/book/info[1]
/book/info[1]/its:rules[1]
/book/info[1]/its:rules[1]/@its:version
/book/info[1]/its:rules[1]/@xlink:href
/book/info[1]/its:rules[2]
/book/info[1]/its:rules[2]/@version
/book/info[1]/its:rules[2]/its:param[1]
/book/info[1]/its:rules[2]/its:param[1]/@name
/book/info[1]/its:rules[2]/its:localeFilterRule[1]
/book/info[1]/its:rules[2]/its:localeFilterRule[1]/@localeFilterList
/book/info[1]/its:rules[2]/its:localeFilterRule[1]/@selector
/book/info[1]/legalnotice[1]
/book/info[1]/legalnotice[1]/@role
/book/info[1]/legalnotice[1]/para[1]
/book/info[1]/legalnotice[2]	localeFilterList="de-DE"
/book/info[1]/legalnotice[2]/@role	localeFilterList="de-DE"
/book/info[1]/legalnotice[2]/para[1]	localeFilterList="de-DE"
