/html	annotatorsRef="terminology|http://example.com/termTool#1"	term="no"
/html/@its-annotators-ref	term="no"
/html/@lang	term="no"
/html/head[1]	annotatorsRef="terminology|http://example.com/termTool#1"	term="no"
/html/head[1]/meta[1]	annotatorsRef="terminology|http://example.com/termTool#1"	term="no"
/html/head[1]/meta[1]/@charset	term="no"
/html/head[1]/title[1]	annotatorsRef="terminology|http://example.com/termTool#1"	term="no"
/html/body[1]	annotatorsRef="terminology|http://example.com/termTool#2	term="no"
/html/body[1]/@its-annotators-ref	term="no"
/html/body[1]/p[1]	annotatorsRef="terminology|http://example.com/termTool#2"	term="no"
/html/body[1]/p[1]/span[1]	annotatorsRef="terminology|http://example.com/termTool#2"	term="yes"	termConfidence="0.5"	termInfoRef="#TDPV"
/html/body[1]/p[1]/span[1]/@its-term	term="no"
/html/body[1]/p[1]/span[1]/@its-term-info-ref	term="no"
