<?xml version="1.0" encoding="utf-8"?>
<nodeList xmlns:its="http://www.w3.org/2005/11/its"
          xmlns:datc="http://example.com/datacats">
   <nodeList datacat="externalresource">
      <node path="/html" outputType="no-value">
         <output/>
      </node>
      <node path="/html/@lang" outputType="no-value">
         <output/>
      </node>
      <node path="/html/head[1]" outputType="no-value">
         <output/>
      </node>
      <node path="/html/head[1]/link[1]" outputType="no-value">
         <output/>
      </node>
      <node path="/html/head[1]/link[1]/@href" outputType="no-value">
         <output/>
      </node>
      <node path="/html/head[1]/link[1]/@rel" outputType="no-value">
         <output/>
      </node>
      <node path="/html/head[1]/title[1]" outputType="no-value">
         <output/>
      </node>
      <node path="/html/body[1]" outputType="no-value">
         <output/>
      </node>
      <node path="/html/body[1]/video[1]" outputType="no-value">
         <output/>
      </node>
      <node path="/html/body[1]/video[1]/@width" outputType="no-value">
         <output/>
      </node>
      <node path="/html/body[1]/video[1]/@height" outputType="no-value">
         <output/>
      </node>
      <node path="/html/body[1]/video[1]/@src" outputType="new-value-global">
         <output>
            <externalResourceRefPointer src="http://www.example.com/video/v2.mp"/>
         </output>
      </node>
      <node path="/html/body[1]/video[1]/@poster" outputType="new-value-global">
         <output>
            <externalResourceRefPointer poster="video-image.png"/>
         </output>
      </node>
      <node path="/html/body[1]/video[1]/p[1]" outputType="no-value">
         <output/>
      </node>
      <node path="/html/body[1]/video[1]/p[1]/code[1]" outputType="no-value">
         <output/>
      </node>
      <node path="/html/body[1]/video[1]/p[1]/a[1]" outputType="no-value">
         <output/>
      </node>
      <node path="/html/body[1]/video[1]/p[1]/a[1]/@href" outputType="no-value">
         <output/>
      </node>
   </nodeList>
</nodeList>
